> Build error occurred
