
> websmith@1.0.0 build
> next build

Γû▓ Next.js 16.2.9 (Turbopack)
- Environments: .env.local

  Creating an optimized production build ...
Turbopack build encountered 1 warnings:
./next.config.ts
Encountered unexpected file in NFT list
A file was traced that indicates that the whole project was traced unintentionally. Somewhere in the import trace below, there are:
- filesystem operations (like path.join, path.resolve or fs.readFile), or
- very dynamic requires (like require('./' + foo)).
To resolve this, you can
- remove them if possible, or
- only use them in development, or
- make sure they are statically scoped to some subfolder: path.join(process.cwd(), 'data', bar), or
- add ignore comments: path.join(/*turbopackIgnore: true*/ process.cwd(), bar)

Import trace:
  App Route:
    ./next.config.ts
    ./app/api/v1/communication/[id]/attach/route.ts


Γ£ô Compiled successfully in 19.3s
  Running TypeScript ...
  Finished TypeScript in 18.5s ...
  Collecting page data using 7 workers ...
[Upstash Redis] The 'url' property is missing or undefined in your Redis config.
[Upstash Redis] The 'token' property is missing or undefined in your Redis config.
[Upstash Redis] The 'url' property is missing or undefined in your Redis config.
[Upstash Redis] The 'token' property is missing or undefined in your Redis config.
[Upstash QStash] client token is not set. Either pass a token or set QSTASH_TOKEN env variable.
[Upstash QStash] client token is not set. Either pass a token or set QSTASH_TOKEN env variable.
[Upstash Redis] Unable to find environment variable: `UPSTASH_REDIS_REST_URL`
[Upstash Redis] Unable to find environment variable: `UPSTASH_REDIS_REST_TOKEN`
[Upstash Redis] The 'url' property is missing or undefined in your Redis config.
[Upstash Redis] The 'token' property is missing or undefined in your Redis config.
[Upstash Redis] The 'url' property is missing or undefined in your Redis config.
[Upstash Redis] The 'token' property is missing or undefined in your Redis config.
[Upstash Redis] Unable to find environment variable: `UPSTASH_REDIS_REST_URL`
[Upstash Redis] Unable to find environment variable: `UPSTASH_REDIS_REST_TOKEN`
[Upstash Redis] The 'url' property is missing or undefined in your Redis config.
[Upstash Redis] The 'token' property is missing or undefined in your Redis config.
[Upstash Redis] Unable to find environment variable: `UPSTASH_REDIS_REST_URL`
[Upstash Redis] Unable to find environment variable: `UPSTASH_REDIS_REST_TOKEN`
[Upstash Redis] The 'url' property is missing or undefined in your Redis config.
[Upstash Redis] The 'token' property is missing or undefined in your Redis config.
[Upstash Redis] Unable to find environment variable: `UPSTASH_REDIS_REST_URL`
[Upstash Redis] Unable to find environment variable: `UPSTASH_REDIS_REST_TOKEN`
[Upstash Redis] The 'url' property is missing or undefined in your Redis config.
[Upstash Redis] The 'token' property is missing or undefined in your Redis config.
[Upstash Redis] The 'url' property is missing or undefined in your Redis config.
[Upstash Redis] The 'token' property is missing or undefined in your Redis config.
[Upstash Redis] The 'url' property is missing or undefined in your Redis config.
[Upstash Redis] The 'token' property is missing or undefined in your Redis config.
[Upstash Redis] The 'url' property is missing or undefined in your Redis config.
[Upstash Redis] The 'token' property is missing or undefined in your Redis config.
[Upstash Redis] Unable to find environment variable: `UPSTASH_REDIS_REST_URL`
[Upstash Redis] Unable to find environment variable: `UPSTASH_REDIS_REST_TOKEN`
[Upstash Redis] The 'url' property is missing or undefined in your Redis config.
[Upstash Redis] The 'token' property is missing or undefined in your Redis config.
[Upstash Redis] Unable to find environment variable: `UPSTASH_REDIS_REST_URL`
[Upstash Redis] Unable to find environment variable: `UPSTASH_REDIS_REST_TOKEN`
[Upstash Redis] The 'url' property is missing or undefined in your Redis config.
[Upstash Redis] The 'token' property is missing or undefined in your Redis config.
Error: currentSigningKey and nextSigningKey are required, either in the config or as env variables (QSTASH_CURRENT_SIGNING_KEY and QSTASH_NEXT_SIGNING_KEY)
    at <unknown> (D:\websmith\.next\server\chunks\_0_eiolo._.js:1:331)
    at <unknown> (D:\websmith\.next\server\chunks\_0_eiolo._.js:8:495)
    at Context.asyncModule [as a] (D:\websmith\.next\server\chunks\[turbopack]_runtime.js:525:5)
    at module evaluation (D:\websmith\.next\server\chunks\_0_eiolo._.js:1:1085)
    at instantiateModule (D:\websmith\.next\server\chunks\[turbopack]_runtime.js:853:9)
    at getOrInstantiateModuleFromParent (D:\websmith\.next\server\chunks\[turbopack]_runtime.js:877:12)
    at Context.esmImport [as i] (D:\websmith\.next\server\chunks\[turbopack]_runtime.js:281:20)
    at <unknown> (D:\websmith\.next\server\chunks\_0_eiolo._.js:8:1088)
    at Context.asyncModule [as a] (D:\websmith\.next\server\chunks\[turbopack]_runtime.js:525:5)
    at module evaluation (D:\websmith\.next\server\chunks\_0_eiolo._.js:8:809)

> Build error occurred
Error: Failed to collect page data for /internal/backend/communications/native-receive
    at ignore-listed frames {
  type: 'Error'
}
